[
  {
    "type": "CONTEXT",
    "subType": "Map",
    "name": "percentage-items",
    "status": "SUCCEEDED"
  },
  {
    "type": "CONTEXT",
    "subType": "MapIteration",
    "status": "SUCCEEDED"
  },
  {
    "type": "STEP",
    "subType": "Step",
    "name": "process-0",
    "status": "SUCCEEDED"
  },
  {
    "type": "CONTEXT",
    "subType": "MapIteration",
    "status": "SUCCEEDED"
  },
  {
    "type": "STEP",
    "subType": "Step",
    "name": "process-1",
    "status": "SUCCEEDED"
  },
  {
    "type": "CONTEXT",
    "subType": "MapIteration",
    "status": "FAILED"
  },
  {
    "type": "STEP",
    "subType": "Step",
    "name": "process-2",
    "status": "FAILED"
  },
  {
    "type": "CONTEXT",
    "subType": "MapIteration",
    "status": "SUCCEEDED"
  },
  {
    "type": "STEP",
    "subType": "Step",
    "name": "process-3",
    "status": "SUCCEEDED"
  },
  {
    "type": "CONTEXT",
    "subType": "MapIteration",
    "status": "SUCCEEDED"
  },
  {
    "type": "STEP",
    "subType": "Step",
    "name": "process-4",
    "status": "SUCCEEDED"
  },
  {
    "type": "CONTEXT",
    "subType": "MapIteration",
    "status": "FAILED"
  },
  {
    "type": "STEP",
    "subType": "Step",
    "name": "process-5",
    "status": "FAILED"
  },
  {
    "type": "CONTEXT",
    "subType": "MapIteration",
    "status": "SUCCEEDED"
  },
  {
    "type": "STEP",
    "subType": "Step",
    "name": "process-6",
    "status": "SUCCEEDED"
  },
  {
    "type": "CONTEXT",
    "subType": "MapIteration",
    "status": "SUCCEEDED"
  },
  {
    "type": "STEP",
    "subType": "Step",
    "name": "process-7",
    "status": "SUCCEEDED"
  },
  {
    "type": "CONTEXT",
    "subType": "MapIteration",
    "status": "FAILED"
  },
  {
    "type": "STEP",
    "subType": "Step",
    "name": "process-8",
    "status": "FAILED"
  },
  {
    "type": "WAIT",
    "subType": "Wait",
    "name": "wait",
    "status": "SUCCEEDED"
  }
]
