[
  {
    "type": "WAIT",
    "subType": "Wait",
    "name": "initial-wait",
    "status": "SUCCEEDED"
  },
  {
    "type": "STEP",
    "subType": "Step",
    "name": "fetch-user-data",
    "status": "SUCCEEDED"
  },
  {
    "type": "CONTEXT",
    "subType": "WaitForCallback",
    "name": "wait-for-callback",
    "status": "SUCCEEDED"
  },
  {
    "type": "CALLBACK",
    "subType": "Callback",
    "status": "SUCCEEDED"
  },
  {
    "type": "STEP",
    "subType": "Step",
    "status": "SUCCEEDED"
  },
  {
    "type": "WAIT",
    "subType": "Wait",
    "name": "final-wait",
    "status": "SUCCEEDED"
  },
  {
    "type": "STEP",
    "subType": "Step",
    "name": "finalize-processing",
    "status": "SUCCEEDED"
  }
]
