[
  {
    "type": "CONTEXT",
    "subType": "Map",
    "name": "map",
    "status": "SUCCEEDED"
  },
  {
    "type": "CONTEXT",
    "subType": "MapIteration",
    "name": "map-item-0",
    "status": "SUCCEEDED"
  },
  {
    "type": "CONTEXT",
    "subType": "MapIteration",
    "name": "map-item-1",
    "status": "SUCCEEDED"
  },
  {
    "type": "STEP",
    "subType": "Step",
    "status": "SUCCEEDED"
  },
  {
    "type": "CONTEXT",
    "subType": "MapIteration",
    "name": "map-item-2",
    "status": "SUCCEEDED"
  },
  {
    "type": "STEP",
    "subType": "Step",
    "status": "SUCCEEDED"
  },
  {
    "type": "CONTEXT",
    "subType": "MapIteration",
    "name": "map-item-3",
    "status": "SUCCEEDED"
  },
  {
    "type": "STEP",
    "subType": "Step",
    "status": "SUCCEEDED"
  },
  {
    "type": "STEP",
    "subType": "Step",
    "status": "SUCCEEDED"
  },
  {
    "type": "CONTEXT",
    "subType": "MapIteration",
    "name": "map-item-4",
    "status": "SUCCEEDED"
  },
  {
    "type": "STEP",
    "subType": "Step",
    "status": "SUCCEEDED"
  },
  {
    "type": "WAIT",
    "subType": "Wait",
    "name": "wait",
    "status": "SUCCEEDED"
  }
]
