[
  {
    "type": "CONTEXT",
    "subType": "RunInChildContext",
    "name": "all-waits",
    "status": "SUCCEEDED"
  },
  {
    "type": "WAIT",
    "subType": "Wait",
    "name": "wait-1",
    "status": "SUCCEEDED"
  },
  {
    "type": "WAIT",
    "subType": "Wait",
    "name": "wait-2",
    "status": "SUCCEEDED"
  },
  {
    "type": "STEP",
    "subType": "Step",
    "name": "step-3",
    "status": "SUCCEEDED"
  }
]
