[
  {
    "type": "CONTEXT",
    "subType": "RunInChildContext",
    "name": "quote",
    "status": "SUCCEEDED"
  },
  {
    "type": "CONTEXT",
    "subType": "RunInChildContext",
    "name": "fallback",
    "status": "SUCCEEDED"
  },
  {
    "type": "STEP",
    "subType": "Step",
    "name": "fallback-quote",
    "status": "SUCCEEDED"
  }
]
