[
  {
    "type": "CONTEXT",
    "subType": "Parallel",
    "name": "parallel-invokes",
    "status": "SUCCEEDED"
  },
  {
    "type": "CONTEXT",
    "subType": "ParallelBranch",
    "name": "branch-0",
    "status": "SUCCEEDED"
  },
  {
    "type": "CONTEXT",
    "subType": "ParallelBranch",
    "name": "branch-1",
    "status": "SUCCEEDED"
  },
  {
    "type": "CONTEXT",
    "subType": "ParallelBranch",
    "name": "branch-2",
    "status": "SUCCEEDED"
  },
  {
    "type": "CHAINED_INVOKE",
    "subType": "ChainedInvoke",
    "name": "invoke-2",
    "status": "SUCCEEDED"
  },
  {
    "type": "CHAINED_INVOKE",
    "subType": "ChainedInvoke",
    "name": "invoke-0",
    "status": "SUCCEEDED"
  },
  {
    "type": "CHAINED_INVOKE",
    "subType": "ChainedInvoke",
    "name": "invoke-1",
    "status": "SUCCEEDED"
  }
]
