[
  {
    "type": "CONTEXT",
    "subType": "Map",
    "name": "payment-batch",
    "status": "SUCCEEDED"
  },
  {
    "type": "CONTEXT",
    "subType": "MapIteration",
    "status": "SUCCEEDED"
  },
  {
    "type": "CONTEXT",
    "subType": "MapIteration",
    "status": "FAILED"
  },
  {
    "type": "CONTEXT",
    "subType": "MapIteration",
    "status": "SUCCEEDED"
  },
  {
    "type": "STEP",
    "subType": "Step",
    "name": "charge",
    "status": "SUCCEEDED"
  },
  {
    "type": "STEP",
    "subType": "Step",
    "name": "charge",
    "status": "SUCCEEDED"
  },
  {
    "type": "STEP",
    "subType": "Step",
    "name": "charge",
    "status": "FAILED"
  },
  {
    "type": "STEP",
    "subType": "Step",
    "name": "snapshot-before",
    "status": "SUCCEEDED"
  },
  {
    "type": "WAIT",
    "subType": "Wait",
    "name": "replay-boundary",
    "status": "SUCCEEDED"
  },
  {
    "type": "STEP",
    "subType": "Step",
    "name": "snapshot-after",
    "status": "SUCCEEDED"
  }
]
