[
  {
    "type": "STEP",
    "subType": "Step",
    "name": "step1",
    "status": "SUCCEEDED"
  },
  {
    "type": "WAIT",
    "subType": "Wait",
    "name": "pause",
    "status": "SUCCEEDED"
  },
  {
    "type": "CONTEXT",
    "subType": "Map",
    "name": "map-numbers",
    "status": "SUCCEEDED"
  },
  {
    "type": "CONTEXT",
    "subType": "MapIteration",
    "status": "SUCCEEDED"
  },
  {
    "type": "CONTEXT",
    "subType": "MapIteration",
    "status": "SUCCEEDED"
  },
  {
    "type": "CONTEXT",
    "subType": "MapIteration",
    "status": "SUCCEEDED"
  },
  {
    "type": "STEP",
    "subType": "Step",
    "name": "map-step-2",
    "status": "SUCCEEDED"
  },
  {
    "type": "CONTEXT",
    "subType": "MapIteration",
    "status": "SUCCEEDED"
  },
  {
    "type": "STEP",
    "subType": "Step",
    "name": "map-step-3",
    "status": "SUCCEEDED"
  },
  {
    "type": "CONTEXT",
    "subType": "MapIteration",
    "status": "SUCCEEDED"
  },
  {
    "type": "STEP",
    "subType": "Step",
    "name": "map-step-4",
    "status": "SUCCEEDED"
  },
  {
    "type": "STEP",
    "subType": "Step",
    "name": "map-step-0",
    "status": "SUCCEEDED"
  },
  {
    "type": "STEP",
    "subType": "Step",
    "name": "map-step-1",
    "status": "SUCCEEDED"
  },
  {
    "type": "CONTEXT",
    "subType": "Parallel",
    "name": "parallel-fruits",
    "status": "SUCCEEDED"
  },
  {
    "type": "CONTEXT",
    "subType": "ParallelBranch",
    "name": "fruit-1",
    "status": "SUCCEEDED"
  },
  {
    "type": "CONTEXT",
    "subType": "ParallelBranch",
    "name": "fruit-2",
    "status": "SUCCEEDED"
  },
  {
    "type": "CONTEXT",
    "subType": "ParallelBranch",
    "name": "fruit-3",
    "status": "SUCCEEDED"
  },
  {
    "type": "STEP",
    "subType": "Step",
    "status": "SUCCEEDED"
  },
  {
    "type": "STEP",
    "subType": "Step",
    "status": "SUCCEEDED"
  },
  {
    "type": "STEP",
    "subType": "Step",
    "status": "SUCCEEDED"
  }
]
