[
  {
    "type": "CONTEXT",
    "subType": "Map",
    "name": "resolve-pages",
    "status": "SUCCEEDED"
  },
  {
    "type": "STEP",
    "subType": "Step",
    "name": "record-live-count",
    "status": "SUCCEEDED"
  },
  {
    "type": "WAIT",
    "subType": "Wait",
    "name": "suspend",
    "status": "SUCCEEDED"
  },
  {
    "type": "STEP",
    "subType": "Step",
    "name": "record-replayed-count",
    "status": "SUCCEEDED"
  }
]
