[
  {
    "type": "CALLBACK",
    "subType": "Callback",
    "name": "approval",
    "status": "SUCCEEDED"
  },
  {
    "type": "STEP",
    "subType": "Step",
    "name": "send",
    "status": "SUCCEEDED"
  },
  {
    "type": "WAIT",
    "subType": "Wait",
    "name": "pause",
    "status": "SUCCEEDED"
  }
]
