[
  {
    "type": "CONTEXT",
    "subType": "Parallel",
    "name": "parallel",
    "status": "SUCCEEDED"
  },
  {
    "type": "CONTEXT",
    "subType": "ParallelBranch",
    "name": "task-1",
    "status": "SUCCEEDED"
  },
  {
    "type": "CONTEXT",
    "subType": "ParallelBranch",
    "name": "task-2",
    "status": "SUCCEEDED"
  },
  {
    "type": "STEP",
    "subType": "Step",
    "status": "SUCCEEDED"
  },
  {
    "type": "CONTEXT",
    "subType": "ParallelBranch",
    "name": "task-3",
    "status": "SUCCEEDED"
  },
  {
    "type": "WAIT",
    "subType": "Wait",
    "name": "branch-wait",
    "status": "SUCCEEDED"
  },
  {
    "type": "STEP",
    "subType": "Step",
    "status": "SUCCEEDED"
  }
]
