[
  {
    "type": "CONTEXT",
    "subType": "Parallel",
    "name": "heterogeneous-branches",
    "status": "SUCCEEDED"
  },
  {
    "type": "CONTEXT",
    "subType": "ParallelBranch",
    "name": "compute",
    "status": "SUCCEEDED"
  },
  {
    "type": "CONTEXT",
    "subType": "ParallelBranch",
    "name": "timer",
    "status": "SUCCEEDED"
  },
  {
    "type": "STEP",
    "subType": "Step",
    "name": "compute-value",
    "status": "SUCCEEDED"
  },
  {
    "type": "CONTEXT",
    "subType": "ParallelBranch",
    "name": "invoke",
    "status": "FAILED"
  },
  {
    "type": "WAIT",
    "subType": "Wait",
    "name": "short-timer",
    "status": "SUCCEEDED"
  },
  {
    "type": "CHAINED_INVOKE",
    "subType": "ChainedInvoke",
    "name": "child-function",
    "status": "FAILED"
  }
]
