[
  {
    "type": "STEP",
    "subType": "Step",
    "name": "failing-step",
    "status": "FAILED"
  },
  {
    "type": "STEP",
    "subType": "Step",
    "name": "check-before-replay",
    "status": "SUCCEEDED"
  },
  {
    "type": "WAIT",
    "subType": "Wait",
    "name": "replay-boundary",
    "status": "SUCCEEDED"
  },
  {
    "type": "STEP",
    "subType": "Step",
    "name": "check-after-replay",
    "status": "SUCCEEDED"
  },
  {
    "type": "STEP",
    "subType": "Step",
    "name": "verify-determinism",
    "status": "SUCCEEDED"
  }
]
