[
  {
    "type": "CONTEXT",
    "subType": "RunInChildContext",
    "name": "reserve",
    "status": "SUCCEEDED"
  },
  {
    "type": "CONTEXT",
    "subType": "RunInChildContext",
    "name": "notify",
    "status": "SUCCEEDED"
  },
  {
    "type": "CONTEXT",
    "subType": "RunInChildContext",
    "name": "settle",
    "status": "SUCCEEDED"
  },
  {
    "type": "STEP",
    "subType": "Step",
    "name": "reserve-items",
    "status": "SUCCEEDED"
  },
  {
    "type": "STEP",
    "subType": "Step",
    "name": "charge",
    "status": "SUCCEEDED"
  },
  {
    "type": "WAIT",
    "subType": "Wait",
    "name": "notify-delay",
    "status": "SUCCEEDED"
  },
  {
    "type": "STEP",
    "subType": "Step",
    "name": "send-notification",
    "status": "SUCCEEDED"
  }
]
