[
  {
    "type": "CONTEXT",
    "subType": "RunInChildContext",
    "name": "boundary-test-0",
    "status": "SUCCEEDED"
  },
  {
    "type": "CONTEXT",
    "subType": "RunInChildContext",
    "name": "boundary-test-1",
    "status": "SUCCEEDED"
  },
  {
    "type": "CONTEXT",
    "subType": "RunInChildContext",
    "name": "boundary-test-2",
    "status": "SUCCEEDED"
  },
  {
    "type": "CONTEXT",
    "subType": "RunInChildContext",
    "name": "boundary-test-3",
    "status": "SUCCEEDED"
  },
  {
    "type": "CONTEXT",
    "subType": "RunInChildContext",
    "name": "boundary-test-4",
    "status": "SUCCEEDED"
  }
]
