[
  {
    "type": "CONTEXT",
    "subType": "RunInChildContext",
    "name": "any",
    "status": "FAILED"
  },
  {
    "type": "STEP",
    "subType": "Step",
    "name": "maybe-succeeds-2",
    "status": "FAILED"
  },
  {
    "type": "STEP",
    "subType": "Step",
    "name": "always-fails",
    "status": "FAILED"
  },
  {
    "type": "STEP",
    "subType": "Step",
    "name": "maybe-succeeds-1",
    "status": "FAILED"
  }
]
