[
  {
    "type": "CONTEXT",
    "subType": "Parallel",
    "name": "min-successful-branches",
    "status": "SUCCEEDED"
  },
  {
    "type": "CONTEXT",
    "subType": "ParallelBranch",
    "name": "branch-1",
    "status": "SUCCEEDED"
  },
  {
    "type": "CONTEXT",
    "subType": "ParallelBranch",
    "name": "branch-2",
    "status": "SUCCEEDED"
  },
  {
    "type": "CONTEXT",
    "subType": "ParallelBranch",
    "name": "branch-3",
    "status": "STARTED"
  },
  {
    "type": "CONTEXT",
    "subType": "ParallelBranch",
    "name": "branch-4",
    "status": "STARTED"
  },
  {
    "type": "STEP",
    "subType": "Step",
    "status": "SUCCEEDED"
  },
  {
    "type": "STEP",
    "subType": "Step",
    "status": "SUCCEEDED"
  },
  {
    "type": "WAIT",
    "subType": "Wait",
    "name": "wait",
    "status": "SUCCEEDED"
  }
]
