[
  {
    "type": "CONTEXT",
    "subType": "Parallel",
    "name": "force-cp-block",
    "status": "SUCCEEDED"
  },
  {
    "type": "CONTEXT",
    "subType": "ParallelBranch",
    "name": "long-running",
    "status": "SUCCEEDED"
  },
  {
    "type": "CONTEXT",
    "subType": "ParallelBranch",
    "name": "retrying",
    "status": "FAILED"
  },
  {
    "type": "STEP",
    "subType": "Step",
    "name": "retrying-step",
    "status": "FAILED"
  },
  {
    "type": "STEP",
    "subType": "Step",
    "name": "long-running-step",
    "status": "SUCCEEDED"
  }
]
