[
  {
    "type": "STEP",
    "subType": "Step",
    "name": "try-supplier-a",
    "status": "FAILED"
  },
  {
    "type": "STEP",
    "subType": "Step",
    "name": "try-supplier-b",
    "status": "FAILED"
  },
  {
    "type": "STEP",
    "subType": "Step",
    "name": "try-supplier-c",
    "status": "SUCCEEDED"
  }
]
