[
  {
    "type": "CONTEXT",
    "subType": "WaitForCallback",
    "name": "timeout-test",
    "status": "FAILED"
  },
  {
    "type": "CALLBACK",
    "subType": "Callback",
    "status": "TIMED_OUT"
  },
  {
    "type": "STEP",
    "subType": "Step",
    "status": "SUCCEEDED"
  },
  {
    "type": "WAIT",
    "subType": "Wait",
    "name": "post-timeout-wait",
    "status": "SUCCEEDED"
  },
  {
    "type": "STEP",
    "subType": "Step",
    "name": "check-error-type",
    "status": "SUCCEEDED"
  }
]
