[
  {
    "type": "STEP",
    "subType": "Step",
    "name": "small-record",
    "status": "SUCCEEDED"
  },
  {
    "type": "STEP",
    "subType": "Step",
    "name": "large-document",
    "status": "SUCCEEDED"
  },
  {
    "type": "STEP",
    "subType": "Step",
    "name": "combine",
    "status": "SUCCEEDED"
  }
]
