[
  {
    "type": "CONTEXT",
    "subType": "RunInChildContext",
    "name": "pay-by-card",
    "status": "FAILED"
  },
  {
    "type": "STEP",
    "subType": "Step",
    "name": "charge-card",
    "status": "FAILED"
  },
  {
    "type": "STEP",
    "subType": "Step",
    "name": "send-invoice",
    "status": "SUCCEEDED"
  }
]
