[
  {
    "type": "CONTEXT",
    "subType": "RunInChildContext",
    "name": "all-waits",
    "status": "SUCCEEDED"
  },
  {
    "type": "WAIT",
    "subType": "Wait",
    "name": "wait-3-seconds",
    "status": "SUCCEEDED"
  },
  {
    "type": "WAIT",
    "subType": "Wait",
    "name": "wait-1-second",
    "status": "SUCCEEDED"
  },
  {
    "type": "WAIT",
    "subType": "Wait",
    "name": "wait-5-seconds",
    "status": "SUCCEEDED"
  }
]
