[
  {
    "type": "CONTEXT",
    "subType": "Parallel",
    "name": "parallel-tasks-virtual",
    "status": "SUCCEEDED"
  },
  {
    "type": "STEP",
    "subType": "Step",
    "name": "validate",
    "status": "SUCCEEDED"
  },
  {
    "type": "STEP",
    "subType": "Step",
    "name": "fetch",
    "status": "SUCCEEDED"
  },
  {
    "type": "STEP",
    "subType": "Step",
    "name": "process",
    "status": "SUCCEEDED"
  }
]
