[
  {
    "type": "STEP",
    "subType": "Step",
    "name": "failure-step",
    "status": "FAILED"
  },
  {
    "type": "CONTEXT",
    "subType": "RunInChildContext",
    "name": "settle",
    "status": "SUCCEEDED"
  },
  {
    "type": "WAIT",
    "subType": "Wait",
    "name": "wait",
    "status": "SUCCEEDED"
  },
  {
    "type": "STEP",
    "subType": "Step",
    "name": "success-step",
    "status": "SUCCEEDED"
  }
]
