[
  {
    "type": "CONTEXT",
    "subType": "RunInChildContext",
    "name": "cb-1",
    "status": "SUCCEEDED"
  },
  {
    "type": "CONTEXT",
    "subType": "RunInChildContext",
    "name": "cb-2",
    "status": "SUCCEEDED"
  },
  {
    "type": "CONTEXT",
    "subType": "WaitForCallback",
    "name": "wait-for-callback-1",
    "status": "SUCCEEDED"
  },
  {
    "type": "CONTEXT",
    "subType": "RunInChildContext",
    "name": "all-callbacks",
    "status": "SUCCEEDED"
  },
  {
    "type": "CONTEXT",
    "subType": "WaitForCallback",
    "name": "wait-for-callback-2",
    "status": "SUCCEEDED"
  },
  {
    "type": "CALLBACK",
    "subType": "Callback",
    "status": "SUCCEEDED"
  },
  {
    "type": "CALLBACK",
    "subType": "Callback",
    "status": "SUCCEEDED"
  },
  {
    "type": "STEP",
    "subType": "Step",
    "status": "SUCCEEDED"
  },
  {
    "type": "STEP",
    "subType": "Step",
    "status": "SUCCEEDED"
  }
]
