[
  {
    "type": "CALLBACK",
    "subType": "Callback",
    "name": "timeout-test",
    "status": "TIMED_OUT"
  },
  {
    "type": "CALLBACK",
    "subType": "Callback",
    "name": "failure-test",
    "status": "STARTED"
  },
  {
    "type": "STEP",
    "subType": "Step",
    "name": "send-failure",
    "status": "FAILED"
  }
]
