[
  {
    "type": "CONTEXT",
    "subType": "Parallel",
    "name": "quorum-branches",
    "status": "SUCCEEDED"
  },
  {
    "type": "CONTEXT",
    "subType": "ParallelBranch",
    "status": "STARTED"
  },
  {
    "type": "CONTEXT",
    "subType": "ParallelBranch",
    "status": "SUCCEEDED"
  },
  {
    "type": "CONTEXT",
    "subType": "ParallelBranch",
    "status": "SUCCEEDED"
  },
  {
    "type": "WAIT",
    "subType": "Wait",
    "name": "wait",
    "status": "SUCCEEDED"
  }
]
