[
  {
    "type": "CHAINED_INVOKE",
    "subType": "ChainedInvoke",
    "name": "reserve-stock",
    "status": "SUCCEEDED"
  },
  {
    "type": "CHAINED_INVOKE",
    "subType": "ChainedInvoke",
    "name": "authorize-payment",
    "status": "SUCCEEDED"
  },
  {
    "type": "CHAINED_INVOKE",
    "subType": "ChainedInvoke",
    "name": "notify-customer",
    "status": "SUCCEEDED"
  }
]
