[
  {
    "type": "CONTEXT",
    "subType": "RunInChildContext",
    "name": "settled",
    "status": "SUCCEEDED"
  },
  {
    "type": "STEP",
    "subType": "Step",
    "name": "success-2",
    "status": "SUCCEEDED"
  },
  {
    "type": "STEP",
    "subType": "Step",
    "name": "success-1",
    "status": "SUCCEEDED"
  },
  {
    "type": "STEP",
    "subType": "Step",
    "name": "failure",
    "status": "FAILED"
  }
]
