[
  {
    "type": "CONTEXT",
    "subType": "Dag",
    "name": "diamond",
    "status": "SUCCEEDED"
  },
  {
    "type": "CONTEXT",
    "subType": "DagTask",
    "name": "fetch",
    "status": "SUCCEEDED"
  },
  {
    "type": "STEP",
    "subType": "Step",
    "name": "fetch",
    "status": "SUCCEEDED"
  },
  {
    "type": "CONTEXT",
    "subType": "DagTask",
    "name": "ta",
    "status": "SUCCEEDED"
  },
  {
    "type": "STEP",
    "subType": "Step",
    "name": "ta",
    "status": "SUCCEEDED"
  },
  {
    "type": "CONTEXT",
    "subType": "DagTask",
    "name": "tb",
    "status": "SUCCEEDED"
  },
  {
    "type": "STEP",
    "subType": "Step",
    "name": "tb",
    "status": "SUCCEEDED"
  },
  {
    "type": "CONTEXT",
    "subType": "DagTask",
    "name": "merge",
    "status": "SUCCEEDED"
  },
  {
    "type": "STEP",
    "subType": "Step",
    "name": "merge",
    "status": "SUCCEEDED"
  }
]
