[
  {
    "type": "CALLBACK",
    "subType": "Callback",
    "name": "api-call-1",
    "status": "STARTED"
  },
  {
    "type": "CALLBACK",
    "subType": "Callback",
    "name": "api-call-2",
    "status": "STARTED"
  },
  {
    "type": "CALLBACK",
    "subType": "Callback",
    "name": "api-call-3",
    "status": "STARTED"
  },
  {
    "type": "STEP",
    "subType": "Step",
    "name": "send-callback-1",
    "status": "FAILED"
  }
]
