[
  {
    "type": "CONTEXT",
    "subType": "RunInChildContext",
    "name": "all-1",
    "status": "FAILED"
  },
  {
    "type": "STEP",
    "subType": "Step",
    "name": "fail-1",
    "status": "FAILED"
  },
  {
    "type": "WAIT",
    "subType": "Wait",
    "name": "wait-after-basic",
    "status": "SUCCEEDED"
  },
  {
    "type": "CONTEXT",
    "subType": "RunInChildContext",
    "name": "all-2",
    "status": "FAILED"
  },
  {
    "type": "STEP",
    "subType": "Step",
    "name": "fail-2",
    "status": "FAILED"
  },
  {
    "type": "STEP",
    "subType": "Step",
    "name": "fail-3",
    "status": "FAILED"
  },
  {
    "type": "CONTEXT",
    "subType": "RunInChildContext",
    "name": "any-1",
    "status": "FAILED"
  },
  {
    "type": "CONTEXT",
    "subType": "RunInChildContext",
    "name": "all-3",
    "status": "FAILED"
  },
  {
    "type": "STEP",
    "subType": "Step",
    "name": "fail-4",
    "status": "FAILED"
  },
  {
    "type": "WAIT",
    "subType": "Wait",
    "name": "wait-middle",
    "status": "SUCCEEDED"
  },
  {
    "type": "STEP",
    "subType": "Step",
    "name": "fail-5",
    "status": "FAILED"
  },
  {
    "type": "CONTEXT",
    "subType": "RunInChildContext",
    "name": "any-2",
    "status": "FAILED"
  },
  {
    "type": "WAIT",
    "subType": "Wait",
    "name": "wait-before-final",
    "status": "SUCCEEDED"
  },
  {
    "type": "STEP",
    "subType": "Step",
    "name": "fail-6",
    "status": "FAILED"
  },
  {
    "type": "STEP",
    "subType": "Step",
    "name": "fail-7",
    "status": "FAILED"
  },
  {
    "type": "CONTEXT",
    "subType": "RunInChildContext",
    "name": "all-4",
    "status": "FAILED"
  },
  {
    "type": "CONTEXT",
    "subType": "RunInChildContext",
    "name": "any-3",
    "status": "FAILED"
  },
  {
    "type": "STEP",
    "subType": "Step",
    "name": "success-step",
    "status": "SUCCEEDED"
  }
]
