[
  {
    "type": "STEP",
    "subType": "Step",
    "name": "before",
    "status": "SUCCEEDED"
  },
  {
    "type": "CONTEXT",
    "subType": "RunInChildContext",
    "name": "race-waits",
    "status": "SUCCEEDED"
  },
  {
    "type": "WAIT",
    "subType": "Wait",
    "name": "wait-1s",
    "status": "SUCCEEDED"
  },
  {
    "type": "WAIT",
    "subType": "Wait",
    "name": "wait-10s",
    "status": "SUCCEEDED"
  },
  {
    "type": "STEP",
    "subType": "Step",
    "name": "after",
    "status": "SUCCEEDED"
  }
]
