[
  {
    "type": "CONTEXT",
    "subType": "Map",
    "name": "process-items",
    "status": "SUCCEEDED"
  },
  {
    "type": "CONTEXT",
    "subType": "MapIteration",
    "status": "SUCCEEDED"
  },
  {
    "type": "CONTEXT",
    "subType": "MapIteration",
    "status": "SUCCEEDED"
  },
  {
    "type": "CONTEXT",
    "subType": "MapIteration",
    "status": "SUCCEEDED"
  },
  {
    "type": "CONTEXT",
    "subType": "MapIteration",
    "status": "SUCCEEDED"
  },
  {
    "type": "CONTEXT",
    "subType": "MapIteration",
    "status": "SUCCEEDED"
  },
  {
    "type": "CHAINED_INVOKE",
    "subType": "ChainedInvoke",
    "name": "invoke-item-4",
    "status": "SUCCEEDED"
  },
  {
    "type": "CHAINED_INVOKE",
    "subType": "ChainedInvoke",
    "name": "invoke-item-0",
    "status": "SUCCEEDED"
  },
  {
    "type": "CHAINED_INVOKE",
    "subType": "ChainedInvoke",
    "name": "invoke-item-2",
    "status": "SUCCEEDED"
  },
  {
    "type": "CHAINED_INVOKE",
    "subType": "ChainedInvoke",
    "name": "invoke-item-1",
    "status": "SUCCEEDED"
  },
  {
    "type": "CHAINED_INVOKE",
    "subType": "ChainedInvoke",
    "name": "invoke-item-3",
    "status": "SUCCEEDED"
  },
  {
    "type": "CONTEXT",
    "subType": "MapIteration",
    "status": "SUCCEEDED"
  },
  {
    "type": "CONTEXT",
    "subType": "MapIteration",
    "status": "SUCCEEDED"
  },
  {
    "type": "CONTEXT",
    "subType": "MapIteration",
    "status": "SUCCEEDED"
  },
  {
    "type": "CONTEXT",
    "subType": "MapIteration",
    "status": "SUCCEEDED"
  },
  {
    "type": "CHAINED_INVOKE",
    "subType": "ChainedInvoke",
    "name": "invoke-item-5",
    "status": "SUCCEEDED"
  },
  {
    "type": "CONTEXT",
    "subType": "MapIteration",
    "status": "SUCCEEDED"
  },
  {
    "type": "CHAINED_INVOKE",
    "subType": "ChainedInvoke",
    "name": "invoke-item-6",
    "status": "SUCCEEDED"
  },
  {
    "type": "CHAINED_INVOKE",
    "subType": "ChainedInvoke",
    "name": "invoke-item-8",
    "status": "SUCCEEDED"
  },
  {
    "type": "CHAINED_INVOKE",
    "subType": "ChainedInvoke",
    "name": "invoke-item-7",
    "status": "SUCCEEDED"
  },
  {
    "type": "CHAINED_INVOKE",
    "subType": "ChainedInvoke",
    "name": "invoke-item-9",
    "status": "SUCCEEDED"
  },
  {
    "type": "CONTEXT",
    "subType": "MapIteration",
    "status": "SUCCEEDED"
  },
  {
    "type": "CONTEXT",
    "subType": "MapIteration",
    "status": "SUCCEEDED"
  },
  {
    "type": "CONTEXT",
    "subType": "MapIteration",
    "status": "SUCCEEDED"
  },
  {
    "type": "CONTEXT",
    "subType": "MapIteration",
    "status": "SUCCEEDED"
  },
  {
    "type": "CHAINED_INVOKE",
    "subType": "ChainedInvoke",
    "name": "invoke-item-13",
    "status": "SUCCEEDED"
  },
  {
    "type": "CHAINED_INVOKE",
    "subType": "ChainedInvoke",
    "name": "invoke-item-11",
    "status": "SUCCEEDED"
  },
  {
    "type": "CHAINED_INVOKE",
    "subType": "ChainedInvoke",
    "name": "invoke-item-10",
    "status": "SUCCEEDED"
  },
  {
    "type": "CONTEXT",
    "subType": "MapIteration",
    "status": "SUCCEEDED"
  },
  {
    "type": "CHAINED_INVOKE",
    "subType": "ChainedInvoke",
    "name": "invoke-item-12",
    "status": "SUCCEEDED"
  },
  {
    "type": "CHAINED_INVOKE",
    "subType": "ChainedInvoke",
    "name": "invoke-item-14",
    "status": "SUCCEEDED"
  }
]
